<html>
<body>
<pre>
<h1>µVision Build Log</h1>
<h2>Project:</h2>
C:\Users\Robert\Desktop\ECE 473\Printf_UART_4C123\printf.uvproj
Project File Date:  01/30/2016

<h2>Output:</h2>
Rebuild target 'printf'
assembling startup.s...
compiling UART.c...
compiling main.c...
linking...
Program Size: Code=5092 RO-data=32 RW-data=4 ZI-data=1028  
".\printf.axf" - 0 Error(s), 0 Warning(s).
Load "C:\\Users\\Robert\\Desktop\\ECE 473\\Printf_UART_4C123\\printf.axf" 
Connecting: Mode=JTAG, Speed=1000000Hz
Full Chip Erase Done.
Erase Done.
Programming Done.
Verify OK.
 Chip Erase Done.
Erase Done.
Programming Done.
Verify OK.
Connecting: Mode=JTAG, Speed=1000000Hz
Full Chip Erase Done.
Load "C:\\Users\\Robert\\Desktop\\ECE 473\\Printf_UART_4C123\\printf.axf" 
Connecting: Mode=JTAG, Speed=1000000Hz
Full Chip Erase Done.
Erase Done.
Programming Done.
Verify OK.
