<html>
<body>
<pre>
<h1>µVision Build Log</h1>
<h2>Project:</h2>
C:\Users\Isaac\workspace_v6_1\Lab2\printf.uvproj
Project File Date:  02/05/2016

<h2>Output:</h2>
Rebuild target 'printf'
assembling startup.s...
compiling UART.c...
compiling main.c...
linking...
Program Size: Code=6108 RO-data=96 RW-data=12 ZI-data=1028  
".\printf.axf" - 0 Error(s), 0 Warning(s).
Load "C:\\Users\\Isaac\\workspace_v6_1\\Lab2\\printf.axf" 
Connecting: Mode=JTAG, Speed=1000000Hz
Full Chip Erase Done.
Erase Done.
Programming Done.
Verify OK.
</pre>
</body>
</html>
data=1028  
".\printf.axf" - 0 Error(s), 2 Warning(s).
